// Jest Snapshot v1, https://goo.gl/fbAQLP

exports[`UIControls Component render() should render the UIControls successfully 1`] = `
<div
  className="uicontrols--undefined"
>
  <div
    className="uicontrols__control uicontrols__control--scales"
  >
    <Settings
      pageText={Object {}}
    />
  </div>
  <div
    className="uicontrols__control uicontrols__control--target-label"
  >
    <span
      className="uicontrols__control uicontrols__control--modal-opener"
    />
  </div>
  <div
    className="uicontrols__control uicontrols__control--datetime"
  >
    <DatePickerContainer />
  </div>
  <div
    className="uicontrols__control uicontrols__control--left-bar"
  >
    <div
      className="uicontrols__button"
    />
    <ZoomSlider />
    <div
      className="uicontrols__button"
    />
  </div>
</div>
`;
