// Jest Snapshot v1, https://goo.gl/fbAQLP

exports[`UIControls Component render() should render the UIControls successfully 1`] = `
<div
  className="uicontrols--undefined"
>
  <div
    className="uicontrols__control uicontrols__control--scales"
  >
    <ScaleSlider
      max={10}
      min={0}
    />
    <ScaleSlider
      max={10}
      min={1}
    />
  </div>
  <div
    className="uicontrols__control uicontrols__control--datetime"
  >
    <DatePickerContainer />
  </div>
  <div
    className="uicontrols__control uicontrols__control--left-bar"
  >
    <div
      className="uicontrols__button"
    />
    <ZoomSlider />
    <div
      className="uicontrols__button"
    />
  </div>
</div>
`;
